Archive member included to satisfy reference by file (symbol)

A:\Projekte\uC\CNC\SmartBoardProject\SmartBoardProject\ArduinoCore\Debug\libArduinoCore.a(main.o)
                              D:/Software/Atmel Studio/7.0/Packs/atmel/ATmega_DFP/1.2.209/gcc/dev/atmega2560/avr6/crtatmega2560.o (main)
A:\Projekte\uC\CNC\SmartBoardProject\SmartBoardProject\ArduinoCore\Debug\libArduinoCore.a(wiring.o)
                              src/libraries/Stepper/src/Stepper.o (micros)
A:\Projekte\uC\CNC\SmartBoardProject\SmartBoardProject\ArduinoCore\Debug\libArduinoCore.a(wiring_digital.o)
                              src/libraries/Servo/src/avr/Servo.o (pinMode)
A:\Projekte\uC\CNC\SmartBoardProject\SmartBoardProject\ArduinoCore\Debug\libArduinoCore.a(WMath.o)
                              src/libraries/Servo/src/avr/Servo.o (_Z3maplllll)
A:\Projekte\uC\CNC\SmartBoardProject\SmartBoardProject\ArduinoCore\Debug\libArduinoCore.a(hooks.o)
                              A:\Projekte\uC\CNC\SmartBoardProject\SmartBoardProject\ArduinoCore\Debug\libArduinoCore.a(wiring.o) (yield)
d:/software/atmel studio/7.0/toolchain/avr8/avr8-gnu-toolchain/bin/../lib/gcc/avr/5.4.0/avr6\libgcc.a(_mulsi3.o)
                              A:\Projekte\uC\CNC\SmartBoardProject\SmartBoardProject\ArduinoCore\Debug\libArduinoCore.a(WMath.o) (__mulsi3)
d:/software/atmel studio/7.0/toolchain/avr8/avr8-gnu-toolchain/bin/../lib/gcc/avr/5.4.0/avr6\libgcc.a(_udivmodqi4.o)
                              src/libraries/Servo/src/avr/Servo.o (__udivmodqi4)
d:/software/atmel studio/7.0/toolchain/avr8/avr8-gnu-toolchain/bin/../lib/gcc/avr/5.4.0/avr6\libgcc.a(_divmodhi4.o)
                              src/libraries/Stepper/src/Stepper.o (__divmodhi4)
d:/software/atmel studio/7.0/toolchain/avr8/avr8-gnu-toolchain/bin/../lib/gcc/avr/5.4.0/avr6\libgcc.a(_divmodsi4.o)
                              src/libraries/Stepper/src/Stepper.o (__divmodsi4)
d:/software/atmel studio/7.0/toolchain/avr8/avr8-gnu-toolchain/bin/../lib/gcc/avr/5.4.0/avr6\libgcc.a(_negsi2.o)
                              d:/software/atmel studio/7.0/toolchain/avr8/avr8-gnu-toolchain/bin/../lib/gcc/avr/5.4.0/avr6\libgcc.a(_divmodsi4.o) (__negsi2)
d:/software/atmel studio/7.0/toolchain/avr8/avr8-gnu-toolchain/bin/../lib/gcc/avr/5.4.0/avr6\libgcc.a(_exit.o)
                              D:/Software/Atmel Studio/7.0/Packs/atmel/ATmega_DFP/1.2.209/gcc/dev/atmega2560/avr6/crtatmega2560.o (exit)
d:/software/atmel studio/7.0/toolchain/avr8/avr8-gnu-toolchain/bin/../lib/gcc/avr/5.4.0/avr6\libgcc.a(_tablejump2.o)
                              src/libraries/Stepper/src/Stepper.o (__tablejump2__)
d:/software/atmel studio/7.0/toolchain/avr8/avr8-gnu-toolchain/bin/../lib/gcc/avr/5.4.0/avr6\libgcc.a(_clear_bss.o)
                              src/libraries/Servo/src/avr/Servo.o (__do_clear_bss)
d:/software/atmel studio/7.0/toolchain/avr8/avr8-gnu-toolchain/bin/../lib/gcc/avr/5.4.0/avr6\libgcc.a(_muluhisi3.o)
                              d:/software/atmel studio/7.0/toolchain/avr8/avr8-gnu-toolchain/bin/../lib/gcc/avr/5.4.0/avr6\libgcc.a(_mulsi3.o) (__muluhisi3)
d:/software/atmel studio/7.0/toolchain/avr8/avr8-gnu-toolchain/bin/../lib/gcc/avr/5.4.0/avr6\libgcc.a(_udivmodhi4.o)
                              d:/software/atmel studio/7.0/toolchain/avr8/avr8-gnu-toolchain/bin/../lib/gcc/avr/5.4.0/avr6\libgcc.a(_divmodhi4.o) (__udivmodhi4)
d:/software/atmel studio/7.0/toolchain/avr8/avr8-gnu-toolchain/bin/../lib/gcc/avr/5.4.0/avr6\libgcc.a(_udivmodsi4.o)
                              d:/software/atmel studio/7.0/toolchain/avr8/avr8-gnu-toolchain/bin/../lib/gcc/avr/5.4.0/avr6\libgcc.a(_divmodsi4.o) (__udivmodsi4)
d:/software/atmel studio/7.0/toolchain/avr8/avr8-gnu-toolchain/bin/../lib/gcc/avr/5.4.0/avr6\libgcc.a(_umulhisi3.o)
                              d:/software/atmel studio/7.0/toolchain/avr8/avr8-gnu-toolchain/bin/../lib/gcc/avr/5.4.0/avr6\libgcc.a(_muluhisi3.o) (__umulhisi3)
d:/software/atmel studio/7.0/toolchain/avr8/avr8-gnu-toolchain/bin/../lib/gcc/avr/5.4.0/../../../../avr/lib/avr6\libc.a(random.o)
                              A:\Projekte\uC\CNC\SmartBoardProject\SmartBoardProject\ArduinoCore\Debug\libArduinoCore.a(WMath.o) (random)
d:/software/atmel studio/7.0/toolchain/avr8/avr8-gnu-toolchain/bin/../lib/gcc/avr/5.4.0/avr6\libgcc.a(_copy_data.o)
                              d:/software/atmel studio/7.0/toolchain/avr8/avr8-gnu-toolchain/bin/../lib/gcc/avr/5.4.0/../../../../avr/lib/avr6\libc.a(random.o) (__do_copy_data)
d:/software/atmel studio/7.0/toolchain/avr8/avr8-gnu-toolchain/bin/../lib/gcc/avr/5.4.0/avr6\libgcc.a(_mulshisi3.o)
                              d:/software/atmel studio/7.0/toolchain/avr8/avr8-gnu-toolchain/bin/../lib/gcc/avr/5.4.0/../../../../avr/lib/avr6\libc.a(random.o) (__mulohisi3)

Discarded input sections

 .data          0x00000000        0x0 D:/Software/Atmel Studio/7.0/Packs/atmel/ATmega_DFP/1.2.209/gcc/dev/atmega2560/avr6/crtatmega2560.o
 .bss           0x00000000        0x0 D:/Software/Atmel Studio/7.0/Packs/atmel/ATmega_DFP/1.2.209/gcc/dev/atmega2560/avr6/crtatmega2560.o
 .text          0x00000000        0x0 Sketch.o
 .data          0x00000000        0x0 Sketch.o
 .bss           0x00000000        0x0 Sketch.o
 .text          0x00000000        0x0 src/libraries/Servo/src/avr/Servo.o
 .data          0x00000000        0x0 src/libraries/Servo/src/avr/Servo.o
 .bss           0x00000000        0x0 src/libraries/Servo/src/avr/Servo.o
 .text._ZN5ServoC2Ev
                0x00000000       0x38 src/libraries/Servo/src/avr/Servo.o
 .text._ZN5Servo6attachEiii
                0x00000000      0x158 src/libraries/Servo/src/avr/Servo.o
 .text._ZN5Servo6attachEi
                0x00000000        0xc src/libraries/Servo/src/avr/Servo.o
 .text._ZN5Servo6detachEv
                0x00000000       0x1c src/libraries/Servo/src/avr/Servo.o
 .text._ZN5Servo17writeMicrosecondsEi
                0x00000000       0x6c src/libraries/Servo/src/avr/Servo.o
 .text._ZN5Servo5writeEi
                0x00000000       0xb8 src/libraries/Servo/src/avr/Servo.o
 .text._ZN5Servo16readMicrosecondsEv
                0x00000000       0x3c src/libraries/Servo/src/avr/Servo.o
 .text._ZN5Servo4readEv
                0x00000000       0xca src/libraries/Servo/src/avr/Servo.o
 .text._ZN5Servo8attachedEv
                0x00000000       0x20 src/libraries/Servo/src/avr/Servo.o
 .text          0x00000000        0x0 src/libraries/Servo/src/mbed/Servo.o
 .data          0x00000000        0x0 src/libraries/Servo/src/mbed/Servo.o
 .bss           0x00000000        0x0 src/libraries/Servo/src/mbed/Servo.o
 .debug_line    0x00000000        0x0 src/libraries/Servo/src/mbed/Servo.o
 .debug_str     0x00000000      0x177 src/libraries/Servo/src/mbed/Servo.o
 .comment       0x00000000       0x31 src/libraries/Servo/src/mbed/Servo.o
 .text          0x00000000        0x0 src/libraries/Servo/src/megaavr/Servo.o
 .data          0x00000000        0x0 src/libraries/Servo/src/megaavr/Servo.o
 .bss           0x00000000        0x0 src/libraries/Servo/src/megaavr/Servo.o
 .debug_line    0x00000000        0x0 src/libraries/Servo/src/megaavr/Servo.o
 .debug_str     0x00000000      0x17a src/libraries/Servo/src/megaavr/Servo.o
 .comment       0x00000000       0x31 src/libraries/Servo/src/megaavr/Servo.o
 .text          0x00000000        0x0 src/libraries/Servo/src/nrf52/Servo.o
 .data          0x00000000        0x0 src/libraries/Servo/src/nrf52/Servo.o
 .bss           0x00000000        0x0 src/libraries/Servo/src/nrf52/Servo.o
 .debug_line    0x00000000        0x0 src/libraries/Servo/src/nrf52/Servo.o
 .debug_str     0x00000000      0x178 src/libraries/Servo/src/nrf52/Servo.o
 .comment       0x00000000       0x31 src/libraries/Servo/src/nrf52/Servo.o
 .text          0x00000000        0x0 src/libraries/Servo/src/samd/Servo.o
 .data          0x00000000        0x0 src/libraries/Servo/src/samd/Servo.o
 .bss           0x00000000        0x0 src/libraries/Servo/src/samd/Servo.o
 .debug_line    0x00000000        0x0 src/libraries/Servo/src/samd/Servo.o
 .debug_str     0x00000000      0x177 src/libraries/Servo/src/samd/Servo.o
 .comment       0x00000000       0x31 src/libraries/Servo/src/samd/Servo.o
 .text          0x00000000        0x0 src/libraries/Servo/src/sam/Servo.o
 .data          0x00000000        0x0 src/libraries/Servo/src/sam/Servo.o
 .bss           0x00000000        0x0 src/libraries/Servo/src/sam/Servo.o
 .debug_line    0x00000000        0x0 src/libraries/Servo/src/sam/Servo.o
 .debug_str     0x00000000      0x176 src/libraries/Servo/src/sam/Servo.o
 .comment       0x00000000       0x31 src/libraries/Servo/src/sam/Servo.o
 .text          0x00000000        0x0 src/libraries/Servo/src/stm32f4/Servo.o
 .data          0x00000000        0x0 src/libraries/Servo/src/stm32f4/Servo.o
 .bss           0x00000000        0x0 src/libraries/Servo/src/stm32f4/Servo.o
 .debug_line    0x00000000        0x0 src/libraries/Servo/src/stm32f4/Servo.o
 .debug_str     0x00000000      0x17a src/libraries/Servo/src/stm32f4/Servo.o
 .comment       0x00000000       0x31 src/libraries/Servo/src/stm32f4/Servo.o
 .text          0x00000000        0x0 src/libraries/Stepper/src/Stepper.o
 .data          0x00000000        0x0 src/libraries/Stepper/src/Stepper.o
 .bss           0x00000000        0x0 src/libraries/Stepper/src/Stepper.o
 .text._ZN7StepperC2Eiii
                0x00000000       0x4c src/libraries/Stepper/src/Stepper.o
 .text._ZN7StepperC2Eiiiii
                0x00000000       0x6c src/libraries/Stepper/src/Stepper.o
 .text._ZN7StepperC2Eiiiiii
                0x00000000       0x7c src/libraries/Stepper/src/Stepper.o
 .text._ZN7Stepper8setSpeedEl
                0x00000000       0x4c src/libraries/Stepper/src/Stepper.o
 .text._ZN7Stepper9stepMotorEi
                0x00000000      0x1c4 src/libraries/Stepper/src/Stepper.o
 .progmem.gcc_sw_table._ZN7Stepper9stepMotorEi
                0x00000000       0x14 src/libraries/Stepper/src/Stepper.o
 .text._ZN7Stepper4stepEi
                0x00000000      0x110 src/libraries/Stepper/src/Stepper.o
 .text._ZN7Stepper7versionEv
                0x00000000        0x6 src/libraries/Stepper/src/Stepper.o
 .debug_info    0x00000000      0x96b src/libraries/Stepper/src/Stepper.o
 .debug_abbrev  0x00000000      0x221 src/libraries/Stepper/src/Stepper.o
 .debug_loc     0x00000000      0x728 src/libraries/Stepper/src/Stepper.o
 .debug_aranges
                0x00000000       0x50 src/libraries/Stepper/src/Stepper.o
 .debug_ranges  0x00000000       0x58 src/libraries/Stepper/src/Stepper.o
 .debug_line    0x00000000      0x4d4 src/libraries/Stepper/src/Stepper.o
 .debug_str     0x00000000      0x431 src/libraries/Stepper/src/Stepper.o
 .comment       0x00000000       0x31 src/libraries/Stepper/src/Stepper.o
 .debug_frame   0x00000000      0x15c src/libraries/Stepper/src/Stepper.o
 .text          0x00000000        0x0 A:\Projekte\uC\CNC\SmartBoardProject\SmartBoardProject\ArduinoCore\Debug\libArduinoCore.a(main.o)
 .data          0x00000000        0x0 A:\Projekte\uC\CNC\SmartBoardProject\SmartBoardProject\ArduinoCore\Debug\libArduinoCore.a(main.o)
 .bss           0x00000000        0x0 A:\Projekte\uC\CNC\SmartBoardProject\SmartBoardProject\ArduinoCore\Debug\libArduinoCore.a(main.o)
 .text.atexit   0x00000000        0x6 A:\Projekte\uC\CNC\SmartBoardProject\SmartBoardProject\ArduinoCore\Debug\libArduinoCore.a(main.o)
 .text._Z8setupUSBv
                0x00000000        0x2 A:\Projekte\uC\CNC\SmartBoardProject\SmartBoardProject\ArduinoCore\Debug\libArduinoCore.a(main.o)
 .text          0x00000000        0x0 A:\Projekte\uC\CNC\SmartBoardProject\SmartBoardProject\ArduinoCore\Debug\libArduinoCore.a(wiring.o)
 .data          0x00000000        0x0 A:\Projekte\uC\CNC\SmartBoardProject\SmartBoardProject\ArduinoCore\Debug\libArduinoCore.a(wiring.o)
 .bss           0x00000000        0x0 A:\Projekte\uC\CNC\SmartBoardProject\SmartBoardProject\ArduinoCore\Debug\libArduinoCore.a(wiring.o)
 .text.millis   0x00000000       0x18 A:\Projekte\uC\CNC\SmartBoardProject\SmartBoardProject\ArduinoCore\Debug\libArduinoCore.a(wiring.o)
 .text.micros   0x00000000       0x4a A:\Projekte\uC\CNC\SmartBoardProject\SmartBoardProject\ArduinoCore\Debug\libArduinoCore.a(wiring.o)
 .text.delay    0x00000000       0x78 A:\Projekte\uC\CNC\SmartBoardProject\SmartBoardProject\ArduinoCore\Debug\libArduinoCore.a(wiring.o)
 .text.delayMicroseconds
                0x00000000       0x16 A:\Projekte\uC\CNC\SmartBoardProject\SmartBoardProject\ArduinoCore\Debug\libArduinoCore.a(wiring.o)
 .text          0x00000000        0x0 A:\Projekte\uC\CNC\SmartBoardProject\SmartBoardProject\ArduinoCore\Debug\libArduinoCore.a(wiring_digital.o)
 .data          0x00000000        0x0 A:\Projekte\uC\CNC\SmartBoardProject\SmartBoardProject\ArduinoCore\Debug\libArduinoCore.a(wiring_digital.o)
 .bss           0x00000000        0x0 A:\Projekte\uC\CNC\SmartBoardProject\SmartBoardProject\ArduinoCore\Debug\libArduinoCore.a(wiring_digital.o)
 .text.pinMode  0x00000000       0x78 A:\Projekte\uC\CNC\SmartBoardProject\SmartBoardProject\ArduinoCore\Debug\libArduinoCore.a(wiring_digital.o)
 .text.digitalRead
                0x00000000       0x52 A:\Projekte\uC\CNC\SmartBoardProject\SmartBoardProject\ArduinoCore\Debug\libArduinoCore.a(wiring_digital.o)
 .progmem.data.port_to_input_PGM
                0x00000000       0x1a A:\Projekte\uC\CNC\SmartBoardProject\SmartBoardProject\ArduinoCore\Debug\libArduinoCore.a(wiring_digital.o)
 .progmem.data.port_to_mode_PGM
                0x00000000       0x1a A:\Projekte\uC\CNC\SmartBoardProject\SmartBoardProject\ArduinoCore\Debug\libArduinoCore.a(wiring_digital.o)
 .text          0x00000000        0x0 A:\Projekte\uC\CNC\SmartBoardProject\SmartBoardProject\ArduinoCore\Debug\libArduinoCore.a(WMath.o)
 .data          0x00000000        0x0 A:\Projekte\uC\CNC\SmartBoardProject\SmartBoardProject\ArduinoCore\Debug\libArduinoCore.a(WMath.o)
 .bss           0x00000000        0x0 A:\Projekte\uC\CNC\SmartBoardProject\SmartBoardProject\ArduinoCore\Debug\libArduinoCore.a(WMath.o)
 .text._Z10randomSeedm
                0x00000000       0x10 A:\Projekte\uC\CNC\SmartBoardProject\SmartBoardProject\ArduinoCore\Debug\libArduinoCore.a(WMath.o)
 .text._Z6randoml
                0x00000000       0x34 A:\Projekte\uC\CNC\SmartBoardProject\SmartBoardProject\ArduinoCore\Debug\libArduinoCore.a(WMath.o)
 .text._Z6randomll
                0x00000000       0x44 A:\Projekte\uC\CNC\SmartBoardProject\SmartBoardProject\ArduinoCore\Debug\libArduinoCore.a(WMath.o)
 .text._Z3maplllll
                0x00000000       0x82 A:\Projekte\uC\CNC\SmartBoardProject\SmartBoardProject\ArduinoCore\Debug\libArduinoCore.a(WMath.o)
 .text._Z8makeWordj
                0x00000000        0x2 A:\Projekte\uC\CNC\SmartBoardProject\SmartBoardProject\ArduinoCore\Debug\libArduinoCore.a(WMath.o)
 .text._Z8makeWordhh
                0x00000000        0xa A:\Projekte\uC\CNC\SmartBoardProject\SmartBoardProject\ArduinoCore\Debug\libArduinoCore.a(WMath.o)
 .debug_info    0x00000000      0x230 A:\Projekte\uC\CNC\SmartBoardProject\SmartBoardProject\ArduinoCore\Debug\libArduinoCore.a(WMath.o)
 .debug_abbrev  0x00000000      0x12b A:\Projekte\uC\CNC\SmartBoardProject\SmartBoardProject\ArduinoCore\Debug\libArduinoCore.a(WMath.o)
 .debug_loc     0x00000000      0x3d6 A:\Projekte\uC\CNC\SmartBoardProject\SmartBoardProject\ArduinoCore\Debug\libArduinoCore.a(WMath.o)
 .debug_aranges
                0x00000000       0x48 A:\Projekte\uC\CNC\SmartBoardProject\SmartBoardProject\ArduinoCore\Debug\libArduinoCore.a(WMath.o)
 .debug_ranges  0x00000000       0x38 A:\Projekte\uC\CNC\SmartBoardProject\SmartBoardProject\ArduinoCore\Debug\libArduinoCore.a(WMath.o)
 .debug_line    0x00000000      0x138 A:\Projekte\uC\CNC\SmartBoardProject\SmartBoardProject\ArduinoCore\Debug\libArduinoCore.a(WMath.o)
 .debug_str     0x00000000      0x249 A:\Projekte\uC\CNC\SmartBoardProject\SmartBoardProject\ArduinoCore\Debug\libArduinoCore.a(WMath.o)
 .comment       0x00000000       0x31 A:\Projekte\uC\CNC\SmartBoardProject\SmartBoardProject\ArduinoCore\Debug\libArduinoCore.a(WMath.o)
 .debug_frame   0x00000000       0xf4 A:\Projekte\uC\CNC\SmartBoardProject\SmartBoardProject\ArduinoCore\Debug\libArduinoCore.a(WMath.o)
 .text          0x00000000        0x0 A:\Projekte\uC\CNC\SmartBoardProject\SmartBoardProject\ArduinoCore\Debug\libArduinoCore.a(hooks.o)
 .data          0x00000000        0x0 A:\Projekte\uC\CNC\SmartBoardProject\SmartBoardProject\ArduinoCore\Debug\libArduinoCore.a(hooks.o)
 .bss           0x00000000        0x0 A:\Projekte\uC\CNC\SmartBoardProject\SmartBoardProject\ArduinoCore\Debug\libArduinoCore.a(hooks.o)
 .text.__empty  0x00000000        0x2 A:\Projekte\uC\CNC\SmartBoardProject\SmartBoardProject\ArduinoCore\Debug\libArduinoCore.a(hooks.o)
 .debug_info    0x00000000       0x3e A:\Projekte\uC\CNC\SmartBoardProject\SmartBoardProject\ArduinoCore\Debug\libArduinoCore.a(hooks.o)
 .debug_abbrev  0x00000000       0x2a A:\Projekte\uC\CNC\SmartBoardProject\SmartBoardProject\ArduinoCore\Debug\libArduinoCore.a(hooks.o)
 .debug_aranges
                0x00000000       0x20 A:\Projekte\uC\CNC\SmartBoardProject\SmartBoardProject\ArduinoCore\Debug\libArduinoCore.a(hooks.o)
 .debug_ranges  0x00000000       0x10 A:\Projekte\uC\CNC\SmartBoardProject\SmartBoardProject\ArduinoCore\Debug\libArduinoCore.a(hooks.o)
 .debug_line    0x00000000       0x41 A:\Projekte\uC\CNC\SmartBoardProject\SmartBoardProject\ArduinoCore\Debug\libArduinoCore.a(hooks.o)
 .debug_str     0x00000000      0x13b A:\Projekte\uC\CNC\SmartBoardProject\SmartBoardProject\ArduinoCore\Debug\libArduinoCore.a(hooks.o)
 .comment       0x00000000       0x31 A:\Projekte\uC\CNC\SmartBoardProject\SmartBoardProject\ArduinoCore\Debug\libArduinoCore.a(hooks.o)
 .debug_frame   0x00000000       0x24 A:\Projekte\uC\CNC\SmartBoardProject\SmartBoardProject\ArduinoCore\Debug\libArduinoCore.a(hooks.o)
 .text          0x00000000        0x0 d:/software/atmel studio/7.0/toolchain/avr8/avr8-gnu-toolchain/bin/../lib/gcc/avr/5.4.0/avr6\libgcc.a(_mulsi3.o)
 .data          0x00000000        0x0 d:/software/atmel studio/7.0/toolchain/avr8/avr8-gnu-toolchain/bin/../lib/gcc/avr/5.4.0/avr6\libgcc.a(_mulsi3.o)
 .bss           0x00000000        0x0 d:/software/atmel studio/7.0/toolchain/avr8/avr8-gnu-toolchain/bin/../lib/gcc/avr/5.4.0/avr6\libgcc.a(_mulsi3.o)
 .text.libgcc.mul
                0x00000000       0x20 d:/software/atmel studio/7.0/toolchain/avr8/avr8-gnu-toolchain/bin/../lib/gcc/avr/5.4.0/avr6\libgcc.a(_mulsi3.o)
 .text.libgcc.div
                0x00000000        0x0 d:/software/atmel studio/7.0/toolchain/avr8/avr8-gnu-toolchain/bin/../lib/gcc/avr/5.4.0/avr6\libgcc.a(_mulsi3.o)
 .text.libgcc   0x00000000        0x0 d:/software/atmel studio/7.0/toolchain/avr8/avr8-gnu-toolchain/bin/../lib/gcc/avr/5.4.0/avr6\libgcc.a(_mulsi3.o)
 .text.libgcc.prologue
                0x00000000        0x0 d:/software/atmel studio/7.0/toolchain/avr8/avr8-gnu-toolchain/bin/../lib/gcc/avr/5.4.0/avr6\libgcc.a(_mulsi3.o)
 .text.libgcc.builtins
                0x00000000        0x0 d:/software/atmel studio/7.0/toolchain/avr8/avr8-gnu-toolchain/bin/../lib/gcc/avr/5.4.0/avr6\libgcc.a(_mulsi3.o)
 .text.libgcc.fmul
                0x00000000        0x0 d:/software/atmel studio/7.0/toolchain/avr8/avr8-gnu-toolchain/bin/../lib/gcc/avr/5.4.0/avr6\libgcc.a(_mulsi3.o)
 .text.libgcc.fixed
                0x00000000        0x0 d:/software/atmel studio/7.0/toolchain/avr8/avr8-gnu-toolchain/bin/../lib/gcc/avr/5.4.0/avr6\libgcc.a(_mulsi3.o)
 .text          0x00000000        0x0 d:/software/atmel studio/7.0/toolchain/avr8/avr8-gnu-toolchain/bin/../lib/gcc/avr/5.4.0/avr6\libgcc.a(_udivmodqi4.o)
 .data          0x00000000        0x0 d:/software/atmel studio/7.0/toolchain/avr8/avr8-gnu-toolchain/bin/../lib/gcc/avr/5.4.0/avr6\libgcc.a(_udivmodqi4.o)
 .bss           0x00000000        0x0 d:/software/atmel studio/7.0/toolchain/avr8/avr8-gnu-toolchain/bin/../lib/gcc/avr/5.4.0/avr6\libgcc.a(_udivmodqi4.o)
 .text.libgcc.mul
                0x00000000        0x0 d:/software/atmel studio/7.0/toolchain/avr8/avr8-gnu-toolchain/bin/../lib/gcc/avr/5.4.0/avr6\libgcc.a(_udivmodqi4.o)
 .text.libgcc.div
                0x00000000       0x18 d:/software/atmel studio/7.0/toolchain/avr8/avr8-gnu-toolchain/bin/../lib/gcc/avr/5.4.0/avr6\libgcc.a(_udivmodqi4.o)
 .text.libgcc   0x00000000        0x0 d:/software/atmel studio/7.0/toolchain/avr8/avr8-gnu-toolchain/bin/../lib/gcc/avr/5.4.0/avr6\libgcc.a(_udivmodqi4.o)
 .text.libgcc.prologue
                0x00000000        0x0 d:/software/atmel studio/7.0/toolchain/avr8/avr8-gnu-toolchain/bin/../lib/gcc/avr/5.4.0/avr6\libgcc.a(_udivmodqi4.o)
 .text.libgcc.builtins
                0x00000000        0x0 d:/software/atmel studio/7.0/toolchain/avr8/avr8-gnu-toolchain/bin/../lib/gcc/avr/5.4.0/avr6\libgcc.a(_udivmodqi4.o)
 .text.libgcc.fmul
                0x00000000        0x0 d:/software/atmel studio/7.0/toolchain/avr8/avr8-gnu-toolchain/bin/../lib/gcc/avr/5.4.0/avr6\libgcc.a(_udivmodqi4.o)
 .text.libgcc.fixed
                0x00000000        0x0 d:/software/atmel studio/7.0/toolchain/avr8/avr8-gnu-toolchain/bin/../lib/gcc/avr/5.4.0/avr6\libgcc.a(_udivmodqi4.o)
 .text          0x00000000        0x0 d:/software/atmel studio/7.0/toolchain/avr8/avr8-gnu-toolchain/bin/../lib/gcc/avr/5.4.0/avr6\libgcc.a(_divmodhi4.o)
 .data          0x00000000        0x0 d:/software/atmel studio/7.0/toolchain/avr8/avr8-gnu-toolchain/bin/../lib/gcc/avr/5.4.0/avr6\libgcc.a(_divmodhi4.o)
 .bss           0x00000000        0x0 d:/software/atmel studio/7.0/toolchain/avr8/avr8-gnu-toolchain/bin/../lib/gcc/avr/5.4.0/avr6\libgcc.a(_divmodhi4.o)
 .text.libgcc.mul
                0x00000000        0x0 d:/software/atmel studio/7.0/toolchain/avr8/avr8-gnu-toolchain/bin/../lib/gcc/avr/5.4.0/avr6\libgcc.a(_divmodhi4.o)
 .text.libgcc.div
                0x00000000       0x28 d:/software/atmel studio/7.0/toolchain/avr8/avr8-gnu-toolchain/bin/../lib/gcc/avr/5.4.0/avr6\libgcc.a(_divmodhi4.o)
 .text.libgcc   0x00000000        0x0 d:/software/atmel studio/7.0/toolchain/avr8/avr8-gnu-toolchain/bin/../lib/gcc/avr/5.4.0/avr6\libgcc.a(_divmodhi4.o)
 .text.libgcc.prologue
                0x00000000        0x0 d:/software/atmel studio/7.0/toolchain/avr8/avr8-gnu-toolchain/bin/../lib/gcc/avr/5.4.0/avr6\libgcc.a(_divmodhi4.o)
 .text.libgcc.builtins
                0x00000000        0x0 d:/software/atmel studio/7.0/toolchain/avr8/avr8-gnu-toolchain/bin/../lib/gcc/avr/5.4.0/avr6\libgcc.a(_divmodhi4.o)
 .text.libgcc.fmul
                0x00000000        0x0 d:/software/atmel studio/7.0/toolchain/avr8/avr8-gnu-toolchain/bin/../lib/gcc/avr/5.4.0/avr6\libgcc.a(_divmodhi4.o)
 .text.libgcc.fixed
                0x00000000        0x0 d:/software/atmel studio/7.0/toolchain/avr8/avr8-gnu-toolchain/bin/../lib/gcc/avr/5.4.0/avr6\libgcc.a(_divmodhi4.o)
 .text          0x00000000        0x0 d:/software/atmel studio/7.0/toolchain/avr8/avr8-gnu-toolchain/bin/../lib/gcc/avr/5.4.0/avr6\libgcc.a(_divmodsi4.o)
 .data          0x00000000        0x0 d:/software/atmel studio/7.0/toolchain/avr8/avr8-gnu-toolchain/bin/../lib/gcc/avr/5.4.0/avr6\libgcc.a(_divmodsi4.o)
 .bss           0x00000000        0x0 d:/software/atmel studio/7.0/toolchain/avr8/avr8-gnu-toolchain/bin/../lib/gcc/avr/5.4.0/avr6\libgcc.a(_divmodsi4.o)
 .text.libgcc.mul
                0x00000000        0x0 d:/software/atmel studio/7.0/toolchain/avr8/avr8-gnu-toolchain/bin/../lib/gcc/avr/5.4.0/avr6\libgcc.a(_divmodsi4.o)
 .text.libgcc.div
                0x00000000       0x2e d:/software/atmel studio/7.0/toolchain/avr8/avr8-gnu-toolchain/bin/../lib/gcc/avr/5.4.0/avr6\libgcc.a(_divmodsi4.o)
 .text.libgcc   0x00000000        0x0 d:/software/atmel studio/7.0/toolchain/avr8/avr8-gnu-toolchain/bin/../lib/gcc/avr/5.4.0/avr6\libgcc.a(_divmodsi4.o)
 .text.libgcc.prologue
                0x00000000        0x0 d:/software/atmel studio/7.0/toolchain/avr8/avr8-gnu-toolchain/bin/../lib/gcc/avr/5.4.0/avr6\libgcc.a(_divmodsi4.o)
 .text.libgcc.builtins
                0x00000000        0x0 d:/software/atmel studio/7.0/toolchain/avr8/avr8-gnu-toolchain/bin/../lib/gcc/avr/5.4.0/avr6\libgcc.a(_divmodsi4.o)
 .text.libgcc.fmul
                0x00000000        0x0 d:/software/atmel studio/7.0/toolchain/avr8/avr8-gnu-toolchain/bin/../lib/gcc/avr/5.4.0/avr6\libgcc.a(_divmodsi4.o)
 .text.libgcc.fixed
                0x00000000        0x0 d:/software/atmel studio/7.0/toolchain/avr8/avr8-gnu-toolchain/bin/../lib/gcc/avr/5.4.0/avr6\libgcc.a(_divmodsi4.o)
 .text          0x00000000        0x0 d:/software/atmel studio/7.0/toolchain/avr8/avr8-gnu-toolchain/bin/../lib/gcc/avr/5.4.0/avr6\libgcc.a(_negsi2.o)
 .data          0x00000000        0x0 d:/software/atmel studio/7.0/toolchain/avr8/avr8-gnu-toolchain/bin/../lib/gcc/avr/5.4.0/avr6\libgcc.a(_negsi2.o)
 .bss           0x00000000        0x0 d:/software/atmel studio/7.0/toolchain/avr8/avr8-gnu-toolchain/bin/../lib/gcc/avr/5.4.0/avr6\libgcc.a(_negsi2.o)
 .text.libgcc.mul
                0x00000000        0x0 d:/software/atmel studio/7.0/toolchain/avr8/avr8-gnu-toolchain/bin/../lib/gcc/avr/5.4.0/avr6\libgcc.a(_negsi2.o)
 .text.libgcc.div
                0x00000000       0x10 d:/software/atmel studio/7.0/toolchain/avr8/avr8-gnu-toolchain/bin/../lib/gcc/avr/5.4.0/avr6\libgcc.a(_negsi2.o)
 .text.libgcc   0x00000000        0x0 d:/software/atmel studio/7.0/toolchain/avr8/avr8-gnu-toolchain/bin/../lib/gcc/avr/5.4.0/avr6\libgcc.a(_negsi2.o)
 .text.libgcc.prologue
                0x00000000        0x0 d:/software/atmel studio/7.0/toolchain/avr8/avr8-gnu-toolchain/bin/../lib/gcc/avr/5.4.0/avr6\libgcc.a(_negsi2.o)
 .text.libgcc.builtins
                0x00000000        0x0 d:/software/atmel studio/7.0/toolchain/avr8/avr8-gnu-toolchain/bin/../lib/gcc/avr/5.4.0/avr6\libgcc.a(_negsi2.o)
 .text.libgcc.fmul
                0x00000000        0x0 d:/software/atmel studio/7.0/toolchain/avr8/avr8-gnu-toolchain/bin/../lib/gcc/avr/5.4.0/avr6\libgcc.a(_negsi2.o)
 .text.libgcc.fixed
                0x00000000        0x0 d:/software/atmel studio/7.0/toolchain/avr8/avr8-gnu-toolchain/bin/../lib/gcc/avr/5.4.0/avr6\libgcc.a(_negsi2.o)
 .text          0x00000000        0x0 d:/software/atmel studio/7.0/toolchain/avr8/avr8-gnu-toolchain/bin/../lib/gcc/avr/5.4.0/avr6\libgcc.a(_exit.o)
 .data          0x00000000        0x0 d:/software/atmel studio/7.0/toolchain/avr8/avr8-gnu-toolchain/bin/../lib/gcc/avr/5.4.0/avr6\libgcc.a(_exit.o)
 .bss           0x00000000        0x0 d:/software/atmel studio/7.0/toolchain/avr8/avr8-gnu-toolchain/bin/../lib/gcc/avr/5.4.0/avr6\libgcc.a(_exit.o)
 .text.libgcc.mul
                0x00000000        0x0 d:/software/atmel studio/7.0/toolchain/avr8/avr8-gnu-toolchain/bin/../lib/gcc/avr/5.4.0/avr6\libgcc.a(_exit.o)
 .text.libgcc.div
                0x00000000        0x0 d:/software/atmel studio/7.0/toolchain/avr8/avr8-gnu-toolchain/bin/../lib/gcc/avr/5.4.0/avr6\libgcc.a(_exit.o)
 .text.libgcc   0x00000000        0x0 d:/software/atmel studio/7.0/toolchain/avr8/avr8-gnu-toolchain/bin/../lib/gcc/avr/5.4.0/avr6\libgcc.a(_exit.o)
 .text.libgcc.prologue
                0x00000000        0x0 d:/software/atmel studio/7.0/toolchain/avr8/avr8-gnu-toolchain/bin/../lib/gcc/avr/5.4.0/avr6\libgcc.a(_exit.o)
 .text.libgcc.builtins
                0x00000000        0x0 d:/software/atmel studio/7.0/toolchain/avr8/avr8-gnu-toolchain/bin/../lib/gcc/avr/5.4.0/avr6\libgcc.a(_exit.o)
 .text.libgcc.fmul
                0x00000000        0x0 d:/software/atmel studio/7.0/toolchain/avr8/avr8-gnu-toolchain/bin/../lib/gcc/avr/5.4.0/avr6\libgcc.a(_exit.o)
 .text.libgcc.fixed
                0x00000000        0x0 d:/software/atmel studio/7.0/toolchain/avr8/avr8-gnu-toolchain/bin/../lib/gcc/avr/5.4.0/avr6\libgcc.a(_exit.o)
 .text          0x00000000        0x0 d:/software/atmel studio/7.0/toolchain/avr8/avr8-gnu-toolchain/bin/../lib/gcc/avr/5.4.0/avr6\libgcc.a(_tablejump2.o)
 .data          0x00000000        0x0 d:/software/atmel studio/7.0/toolchain/avr8/avr8-gnu-toolchain/bin/../lib/gcc/avr/5.4.0/avr6\libgcc.a(_tablejump2.o)
 .bss           0x00000000        0x0 d:/software/atmel studio/7.0/toolchain/avr8/avr8-gnu-toolchain/bin/../lib/gcc/avr/5.4.0/avr6\libgcc.a(_tablejump2.o)
 .text.libgcc.mul
                0x00000000        0x0 d:/software/atmel studio/7.0/toolchain/avr8/avr8-gnu-toolchain/bin/../lib/gcc/avr/5.4.0/avr6\libgcc.a(_tablejump2.o)
 .text.libgcc.div
                0x00000000        0x0 d:/software/atmel studio/7.0/toolchain/avr8/avr8-gnu-toolchain/bin/../lib/gcc/avr/5.4.0/avr6\libgcc.a(_tablejump2.o)
 .text.libgcc.prologue
                0x00000000        0x0 d:/software/atmel studio/7.0/toolchain/avr8/avr8-gnu-toolchain/bin/../lib/gcc/avr/5.4.0/avr6\libgcc.a(_tablejump2.o)
 .text.libgcc.builtins
                0x00000000        0x0 d:/software/atmel studio/7.0/toolchain/avr8/avr8-gnu-toolchain/bin/../lib/gcc/avr/5.4.0/avr6\libgcc.a(_tablejump2.o)
 .text.libgcc.fmul
                0x00000000        0x0 d:/software/atmel studio/7.0/toolchain/avr8/avr8-gnu-toolchain/bin/../lib/gcc/avr/5.4.0/avr6\libgcc.a(_tablejump2.o)
 .text.libgcc.fixed
                0x00000000        0x0 d:/software/atmel studio/7.0/toolchain/avr8/avr8-gnu-toolchain/bin/../lib/gcc/avr/5.4.0/avr6\libgcc.a(_tablejump2.o)
 .text          0x00000000        0x0 d:/software/atmel studio/7.0/toolchain/avr8/avr8-gnu-toolchain/bin/../lib/gcc/avr/5.4.0/avr6\libgcc.a(_clear_bss.o)
 .data          0x00000000        0x0 d:/software/atmel studio/7.0/toolchain/avr8/avr8-gnu-toolchain/bin/../lib/gcc/avr/5.4.0/avr6\libgcc.a(_clear_bss.o)
 .bss           0x00000000        0x0 d:/software/atmel studio/7.0/toolchain/avr8/avr8-gnu-toolchain/bin/../lib/gcc/avr/5.4.0/avr6\libgcc.a(_clear_bss.o)
 .text.libgcc.mul
                0x00000000        0x0 d:/software/atmel studio/7.0/toolchain/avr8/avr8-gnu-toolchain/bin/../lib/gcc/avr/5.4.0/avr6\libgcc.a(_clear_bss.o)
 .text.libgcc.div
                0x00000000        0x0 d:/software/atmel studio/7.0/toolchain/avr8/avr8-gnu-toolchain/bin/../lib/gcc/avr/5.4.0/avr6\libgcc.a(_clear_bss.o)
 .text.libgcc   0x00000000        0x0 d:/software/atmel studio/7.0/toolchain/avr8/avr8-gnu-toolchain/bin/../lib/gcc/avr/5.4.0/avr6\libgcc.a(_clear_bss.o)
 .text.libgcc.prologue
                0x00000000        0x0 d:/software/atmel studio/7.0/toolchain/avr8/avr8-gnu-toolchain/bin/../lib/gcc/avr/5.4.0/avr6\libgcc.a(_clear_bss.o)
 .text.libgcc.builtins
                0x00000000        0x0 d:/software/atmel studio/7.0/toolchain/avr8/avr8-gnu-toolchain/bin/../lib/gcc/avr/5.4.0/avr6\libgcc.a(_clear_bss.o)
 .text.libgcc.fmul
                0x00000000        0x0 d:/software/atmel studio/7.0/toolchain/avr8/avr8-gnu-toolchain/bin/../lib/gcc/avr/5.4.0/avr6\libgcc.a(_clear_bss.o)
 .text.libgcc.fixed
                0x00000000        0x0 d:/software/atmel studio/7.0/toolchain/avr8/avr8-gnu-toolchain/bin/../lib/gcc/avr/5.4.0/avr6\libgcc.a(_clear_bss.o)
 .text          0x00000000        0x0 d:/software/atmel studio/7.0/toolchain/avr8/avr8-gnu-toolchain/bin/../lib/gcc/avr/5.4.0/avr6\libgcc.a(_muluhisi3.o)
 .data          0x00000000        0x0 d:/software/atmel studio/7.0/toolchain/avr8/avr8-gnu-toolchain/bin/../lib/gcc/avr/5.4.0/avr6\libgcc.a(_muluhisi3.o)
 .bss           0x00000000        0x0 d:/software/atmel studio/7.0/toolchain/avr8/avr8-gnu-toolchain/bin/../lib/gcc/avr/5.4.0/avr6\libgcc.a(_muluhisi3.o)
 .text.libgcc.mul
                0x00000000       0x16 d:/software/atmel studio/7.0/toolchain/avr8/avr8-gnu-toolchain/bin/../lib/gcc/avr/5.4.0/avr6\libgcc.a(_muluhisi3.o)
 .text.libgcc.div
                0x00000000        0x0 d:/software/atmel studio/7.0/toolchain/avr8/avr8-gnu-toolchain/bin/../lib/gcc/avr/5.4.0/avr6\libgcc.a(_muluhisi3.o)
 .text.libgcc   0x00000000        0x0 d:/software/atmel studio/7.0/toolchain/avr8/avr8-gnu-toolchain/bin/../lib/gcc/avr/5.4.0/avr6\libgcc.a(_muluhisi3.o)
 .text.libgcc.prologue
                0x00000000        0x0 d:/software/atmel studio/7.0/toolchain/avr8/avr8-gnu-toolchain/bin/../lib/gcc/avr/5.4.0/avr6\libgcc.a(_muluhisi3.o)
 .text.libgcc.builtins
                0x00000000        0x0 d:/software/atmel studio/7.0/toolchain/avr8/avr8-gnu-toolchain/bin/../lib/gcc/avr/5.4.0/avr6\libgcc.a(_muluhisi3.o)
 .text.libgcc.fmul
                0x00000000        0x0 d:/software/atmel studio/7.0/toolchain/avr8/avr8-gnu-toolchain/bin/../lib/gcc/avr/5.4.0/avr6\libgcc.a(_muluhisi3.o)
 .text.libgcc.fixed
                0x00000000        0x0 d:/software/atmel studio/7.0/toolchain/avr8/avr8-gnu-toolchain/bin/../lib/gcc/avr/5.4.0/avr6\libgcc.a(_muluhisi3.o)
 .text          0x00000000        0x0 d:/software/atmel studio/7.0/toolchain/avr8/avr8-gnu-toolchain/bin/../lib/gcc/avr/5.4.0/avr6\libgcc.a(_udivmodhi4.o)
 .data          0x00000000        0x0 d:/software/atmel studio/7.0/toolchain/avr8/avr8-gnu-toolchain/bin/../lib/gcc/avr/5.4.0/avr6\libgcc.a(_udivmodhi4.o)
 .bss           0x00000000        0x0 d:/software/atmel studio/7.0/toolchain/avr8/avr8-gnu-toolchain/bin/../lib/gcc/avr/5.4.0/avr6\libgcc.a(_udivmodhi4.o)
 .text.libgcc.mul
                0x00000000        0x0 d:/software/atmel studio/7.0/toolchain/avr8/avr8-gnu-toolchain/bin/../lib/gcc/avr/5.4.0/avr6\libgcc.a(_udivmodhi4.o)
 .text.libgcc.div
                0x00000000       0x28 d:/software/atmel studio/7.0/toolchain/avr8/avr8-gnu-toolchain/bin/../lib/gcc/avr/5.4.0/avr6\libgcc.a(_udivmodhi4.o)
 .text.libgcc   0x00000000        0x0 d:/software/atmel studio/7.0/toolchain/avr8/avr8-gnu-toolchain/bin/../lib/gcc/avr/5.4.0/avr6\libgcc.a(_udivmodhi4.o)
 .text.libgcc.prologue
                0x00000000        0x0 d:/software/atmel studio/7.0/toolchain/avr8/avr8-gnu-toolchain/bin/../lib/gcc/avr/5.4.0/avr6\libgcc.a(_udivmodhi4.o)
 .text.libgcc.builtins
                0x00000000        0x0 d:/software/atmel studio/7.0/toolchain/avr8/avr8-gnu-toolchain/bin/../lib/gcc/avr/5.4.0/avr6\libgcc.a(_udivmodhi4.o)
 .text.libgcc.fmul
                0x00000000        0x0 d:/software/atmel studio/7.0/toolchain/avr8/avr8-gnu-toolchain/bin/../lib/gcc/avr/5.4.0/avr6\libgcc.a(_udivmodhi4.o)
 .text.libgcc.fixed
                0x00000000        0x0 d:/software/atmel studio/7.0/toolchain/avr8/avr8-gnu-toolchain/bin/../lib/gcc/avr/5.4.0/avr6\libgcc.a(_udivmodhi4.o)
 .text          0x00000000        0x0 d:/software/atmel studio/7.0/toolchain/avr8/avr8-gnu-toolchain/bin/../lib/gcc/avr/5.4.0/avr6\libgcc.a(_udivmodsi4.o)
 .data          0x00000000        0x0 d:/software/atmel studio/7.0/toolchain/avr8/avr8-gnu-toolchain/bin/../lib/gcc/avr/5.4.0/avr6\libgcc.a(_udivmodsi4.o)
 .bss           0x00000000        0x0 d:/software/atmel studio/7.0/toolchain/avr8/avr8-gnu-toolchain/bin/../lib/gcc/avr/5.4.0/avr6\libgcc.a(_udivmodsi4.o)
 .text.libgcc.mul
                0x00000000        0x0 d:/software/atmel studio/7.0/toolchain/avr8/avr8-gnu-toolchain/bin/../lib/gcc/avr/5.4.0/avr6\libgcc.a(_udivmodsi4.o)
 .text.libgcc.div
                0x00000000       0x44 d:/software/atmel studio/7.0/toolchain/avr8/avr8-gnu-toolchain/bin/../lib/gcc/avr/5.4.0/avr6\libgcc.a(_udivmodsi4.o)
 .text.libgcc   0x00000000        0x0 d:/software/atmel studio/7.0/toolchain/avr8/avr8-gnu-toolchain/bin/../lib/gcc/avr/5.4.0/avr6\libgcc.a(_udivmodsi4.o)
 .text.libgcc.prologue
                0x00000000        0x0 d:/software/atmel studio/7.0/toolchain/avr8/avr8-gnu-toolchain/bin/../lib/gcc/avr/5.4.0/avr6\libgcc.a(_udivmodsi4.o)
 .text.libgcc.builtins
                0x00000000        0x0 d:/software/atmel studio/7.0/toolchain/avr8/avr8-gnu-toolchain/bin/../lib/gcc/avr/5.4.0/avr6\libgcc.a(_udivmodsi4.o)
 .text.libgcc.fmul
                0x00000000        0x0 d:/software/atmel studio/7.0/toolchain/avr8/avr8-gnu-toolchain/bin/../lib/gcc/avr/5.4.0/avr6\libgcc.a(_udivmodsi4.o)
 .text.libgcc.fixed
                0x00000000        0x0 d:/software/atmel studio/7.0/toolchain/avr8/avr8-gnu-toolchain/bin/../lib/gcc/avr/5.4.0/avr6\libgcc.a(_udivmodsi4.o)
 .text          0x00000000        0x0 d:/software/atmel studio/7.0/toolchain/avr8/avr8-gnu-toolchain/bin/../lib/gcc/avr/5.4.0/avr6\libgcc.a(_umulhisi3.o)
 .data          0x00000000        0x0 d:/software/atmel studio/7.0/toolchain/avr8/avr8-gnu-toolchain/bin/../lib/gcc/avr/5.4.0/avr6\libgcc.a(_umulhisi3.o)
 .bss           0x00000000        0x0 d:/software/atmel studio/7.0/toolchain/avr8/avr8-gnu-toolchain/bin/../lib/gcc/avr/5.4.0/avr6\libgcc.a(_umulhisi3.o)
 .text.libgcc.mul
                0x00000000       0x1e d:/software/atmel studio/7.0/toolchain/avr8/avr8-gnu-toolchain/bin/../lib/gcc/avr/5.4.0/avr6\libgcc.a(_umulhisi3.o)
 .text.libgcc.div
                0x00000000        0x0 d:/software/atmel studio/7.0/toolchain/avr8/avr8-gnu-toolchain/bin/../lib/gcc/avr/5.4.0/avr6\libgcc.a(_umulhisi3.o)
 .text.libgcc   0x00000000        0x0 d:/software/atmel studio/7.0/toolchain/avr8/avr8-gnu-toolchain/bin/../lib/gcc/avr/5.4.0/avr6\libgcc.a(_umulhisi3.o)
 .text.libgcc.prologue
                0x00000000        0x0 d:/software/atmel studio/7.0/toolchain/avr8/avr8-gnu-toolchain/bin/../lib/gcc/avr/5.4.0/avr6\libgcc.a(_umulhisi3.o)
 .text.libgcc.builtins
                0x00000000        0x0 d:/software/atmel studio/7.0/toolchain/avr8/avr8-gnu-toolchain/bin/../lib/gcc/avr/5.4.0/avr6\libgcc.a(_umulhisi3.o)
 .text.libgcc.fmul
                0x00000000        0x0 d:/software/atmel studio/7.0/toolchain/avr8/avr8-gnu-toolchain/bin/../lib/gcc/avr/5.4.0/avr6\libgcc.a(_umulhisi3.o)
 .text.libgcc.fixed
                0x00000000        0x0 d:/software/atmel studio/7.0/toolchain/avr8/avr8-gnu-toolchain/bin/../lib/gcc/avr/5.4.0/avr6\libgcc.a(_umulhisi3.o)
 .text          0x00000000        0x0 d:/software/atmel studio/7.0/toolchain/avr8/avr8-gnu-toolchain/bin/../lib/gcc/avr/5.4.0/../../../../avr/lib/avr6\libc.a(random.o)
 .data          0x00000000        0x4 d:/software/atmel studio/7.0/toolchain/avr8/avr8-gnu-toolchain/bin/../lib/gcc/avr/5.4.0/../../../../avr/lib/avr6\libc.a(random.o)
 .bss           0x00000000        0x0 d:/software/atmel studio/7.0/toolchain/avr8/avr8-gnu-toolchain/bin/../lib/gcc/avr/5.4.0/../../../../avr/lib/avr6\libc.a(random.o)
 .text.avr-libc
                0x00000000      0x144 d:/software/atmel studio/7.0/toolchain/avr8/avr8-gnu-toolchain/bin/../lib/gcc/avr/5.4.0/../../../../avr/lib/avr6\libc.a(random.o)
 .comment       0x00000000       0x31 d:/software/atmel studio/7.0/toolchain/avr8/avr8-gnu-toolchain/bin/../lib/gcc/avr/5.4.0/../../../../avr/lib/avr6\libc.a(random.o)
 .text          0x00000000        0x0 d:/software/atmel studio/7.0/toolchain/avr8/avr8-gnu-toolchain/bin/../lib/gcc/avr/5.4.0/avr6\libgcc.a(_copy_data.o)
 .data          0x00000000        0x0 d:/software/atmel studio/7.0/toolchain/avr8/avr8-gnu-toolchain/bin/../lib/gcc/avr/5.4.0/avr6\libgcc.a(_copy_data.o)
 .bss           0x00000000        0x0 d:/software/atmel studio/7.0/toolchain/avr8/avr8-gnu-toolchain/bin/../lib/gcc/avr/5.4.0/avr6\libgcc.a(_copy_data.o)
 .text.libgcc.mul
                0x00000000        0x0 d:/software/atmel studio/7.0/toolchain/avr8/avr8-gnu-toolchain/bin/../lib/gcc/avr/5.4.0/avr6\libgcc.a(_copy_data.o)
 .text.libgcc.div
                0x00000000        0x0 d:/software/atmel studio/7.0/toolchain/avr8/avr8-gnu-toolchain/bin/../lib/gcc/avr/5.4.0/avr6\libgcc.a(_copy_data.o)
 .text.libgcc   0x00000000        0x0 d:/software/atmel studio/7.0/toolchain/avr8/avr8-gnu-toolchain/bin/../lib/gcc/avr/5.4.0/avr6\libgcc.a(_copy_data.o)
 .text.libgcc.prologue
                0x00000000        0x0 d:/software/atmel studio/7.0/toolchain/avr8/avr8-gnu-toolchain/bin/../lib/gcc/avr/5.4.0/avr6\libgcc.a(_copy_data.o)
 .text.libgcc.builtins
                0x00000000        0x0 d:/software/atmel studio/7.0/toolchain/avr8/avr8-gnu-toolchain/bin/../lib/gcc/avr/5.4.0/avr6\libgcc.a(_copy_data.o)
 .text.libgcc.fmul
                0x00000000        0x0 d:/software/atmel studio/7.0/toolchain/avr8/avr8-gnu-toolchain/bin/../lib/gcc/avr/5.4.0/avr6\libgcc.a(_copy_data.o)
 .text.libgcc.fixed
                0x00000000        0x0 d:/software/atmel studio/7.0/toolchain/avr8/avr8-gnu-toolchain/bin/../lib/gcc/avr/5.4.0/avr6\libgcc.a(_copy_data.o)
 .text          0x00000000        0x0 d:/software/atmel studio/7.0/toolchain/avr8/avr8-gnu-toolchain/bin/../lib/gcc/avr/5.4.0/avr6\libgcc.a(_mulshisi3.o)
 .data          0x00000000        0x0 d:/software/atmel studio/7.0/toolchain/avr8/avr8-gnu-toolchain/bin/../lib/gcc/avr/5.4.0/avr6\libgcc.a(_mulshisi3.o)
 .bss           0x00000000        0x0 d:/software/atmel studio/7.0/toolchain/avr8/avr8-gnu-toolchain/bin/../lib/gcc/avr/5.4.0/avr6\libgcc.a(_mulshisi3.o)
 .text.libgcc.mul
                0x00000000       0x10 d:/software/atmel studio/7.0/toolchain/avr8/avr8-gnu-toolchain/bin/../lib/gcc/avr/5.4.0/avr6\libgcc.a(_mulshisi3.o)
 .text.libgcc.div
                0x00000000        0x0 d:/software/atmel studio/7.0/toolchain/avr8/avr8-gnu-toolchain/bin/../lib/gcc/avr/5.4.0/avr6\libgcc.a(_mulshisi3.o)
 .text.libgcc   0x00000000        0x0 d:/software/atmel studio/7.0/toolchain/avr8/avr8-gnu-toolchain/bin/../lib/gcc/avr/5.4.0/avr6\libgcc.a(_mulshisi3.o)
 .text.libgcc.prologue
                0x00000000        0x0 d:/software/atmel studio/7.0/toolchain/avr8/avr8-gnu-toolchain/bin/../lib/gcc/avr/5.4.0/avr6\libgcc.a(_mulshisi3.o)
 .text.libgcc.builtins
                0x00000000        0x0 d:/software/atmel studio/7.0/toolchain/avr8/avr8-gnu-toolchain/bin/../lib/gcc/avr/5.4.0/avr6\libgcc.a(_mulshisi3.o)
 .text.libgcc.fmul
                0x00000000        0x0 d:/software/atmel studio/7.0/toolchain/avr8/avr8-gnu-toolchain/bin/../lib/gcc/avr/5.4.0/avr6\libgcc.a(_mulshisi3.o)
 .text.libgcc.fixed
                0x00000000        0x0 d:/software/atmel studio/7.0/toolchain/avr8/avr8-gnu-toolchain/bin/../lib/gcc/avr/5.4.0/avr6\libgcc.a(_mulshisi3.o)

Memory Configuration

Name             Origin             Length             Attributes
text             0x00000000         0x00100000         xr
data             0x00800200         0x0000fe00         rw !x
eeprom           0x00810000         0x00010000         rw !x
fuse             0x00820000         0x00000003         rw !x
lock             0x00830000         0x00000400         rw !x
signature        0x00840000         0x00000400         rw !x
user_signatures  0x00850000         0x00000400         rw !x
*default*        0x00000000         0xffffffff

Linker script and memory map

Address of section .data set to 0x800200
LOAD D:/Software/Atmel Studio/7.0/Packs/atmel/ATmega_DFP/1.2.209/gcc/dev/atmega2560/avr6/crtatmega2560.o
LOAD Sketch.o
LOAD src/libraries/Servo/src/avr/Servo.o
LOAD src/libraries/Servo/src/mbed/Servo.o
LOAD src/libraries/Servo/src/megaavr/Servo.o
LOAD src/libraries/Servo/src/nrf52/Servo.o
LOAD src/libraries/Servo/src/samd/Servo.o
LOAD src/libraries/Servo/src/sam/Servo.o
LOAD src/libraries/Servo/src/stm32f4/Servo.o
LOAD src/libraries/Stepper/src/Stepper.o
START GROUP
LOAD d:/software/atmel studio/7.0/toolchain/avr8/avr8-gnu-toolchain/bin/../lib/gcc/avr/5.4.0/../../../../avr/lib/avr6\libm.a
LOAD A:\Projekte\uC\CNC\SmartBoardProject\SmartBoardProject\ArduinoCore\Debug\libArduinoCore.a
END GROUP
LOAD d:/software/atmel studio/7.0/toolchain/avr8/avr8-gnu-toolchain/bin/../lib/gcc/avr/5.4.0/avr6\libgcc.a
LOAD d:/software/atmel studio/7.0/toolchain/avr8/avr8-gnu-toolchain/bin/../lib/gcc/avr/5.4.0/../../../../avr/lib/avr6\libm.a
START GROUP
LOAD d:/software/atmel studio/7.0/toolchain/avr8/avr8-gnu-toolchain/bin/../lib/gcc/avr/5.4.0/avr6\libgcc.a
LOAD d:/software/atmel studio/7.0/toolchain/avr8/avr8-gnu-toolchain/bin/../lib/gcc/avr/5.4.0/../../../../avr/lib/avr6\libm.a
LOAD d:/software/atmel studio/7.0/toolchain/avr8/avr8-gnu-toolchain/bin/../lib/gcc/avr/5.4.0/../../../../avr/lib/avr6\libc.a
LOAD D:/Software/Atmel Studio/7.0/Packs/atmel/ATmega_DFP/1.2.209/gcc/dev/atmega2560/avr6\libatmega2560.a
END GROUP
                0x00100000                __TEXT_REGION_LENGTH__ = DEFINED (__TEXT_REGION_LENGTH__)?__TEXT_REGION_LENGTH__:0x100000
                0x0000fe00                __DATA_REGION_LENGTH__ = DEFINED (__DATA_REGION_LENGTH__)?__DATA_REGION_LENGTH__:0xfe00
                0x00010000                __EEPROM_REGION_LENGTH__ = DEFINED (__EEPROM_REGION_LENGTH__)?__EEPROM_REGION_LENGTH__:0x10000
                [0x00000003]                __FUSE_REGION_LENGTH__ = DEFINED (__FUSE_REGION_LENGTH__)?__FUSE_REGION_LENGTH__:0x400
                0x00000400                __LOCK_REGION_LENGTH__ = DEFINED (__LOCK_REGION_LENGTH__)?__LOCK_REGION_LENGTH__:0x400
                0x00000400                __SIGNATURE_REGION_LENGTH__ = DEFINED (__SIGNATURE_REGION_LENGTH__)?__SIGNATURE_REGION_LENGTH__:0x400
                0x00000400                __USER_SIGNATURE_REGION_LENGTH__ = DEFINED (__USER_SIGNATURE_REGION_LENGTH__)?__USER_SIGNATURE_REGION_LENGTH__:0x400

.hash
 *(.hash)

.dynsym
 *(.dynsym)

.dynstr
 *(.dynstr)

.gnu.version
 *(.gnu.version)

.gnu.version_d
 *(.gnu.version_d)

.gnu.version_r
 *(.gnu.version_r)

.rel.init
 *(.rel.init)

.rela.init
 *(.rela.init)

.rel.text
 *(.rel.text)
 *(.rel.text.*)
 *(.rel.gnu.linkonce.t*)

.rela.text
 *(.rela.text)
 *(.rela.text.*)
 *(.rela.gnu.linkonce.t*)

.rel.fini
 *(.rel.fini)

.rela.fini
 *(.rela.fini)

.rel.rodata
 *(.rel.rodata)
 *(.rel.rodata.*)
 *(.rel.gnu.linkonce.r*)

.rela.rodata
 *(.rela.rodata)
 *(.rela.rodata.*)
 *(.rela.gnu.linkonce.r*)

.rel.data
 *(.rel.data)
 *(.rel.data.*)
 *(.rel.gnu.linkonce.d*)

.rela.data
 *(.rela.data)
 *(.rela.data.*)
 *(.rela.gnu.linkonce.d*)

.rel.ctors
 *(.rel.ctors)

.rela.ctors
 *(.rela.ctors)

.rel.dtors
 *(.rel.dtors)

.rela.dtors
 *(.rela.dtors)

.rel.got
 *(.rel.got)

.rela.got
 *(.rela.got)

.rel.bss
 *(.rel.bss)

.rela.bss
 *(.rela.bss)

.rel.plt
 *(.rel.plt)

.rela.plt
 *(.rela.plt)

.text           0x00000000      0x7ae
 *(.vectors)
 .vectors       0x00000000       0xe4 D:/Software/Atmel Studio/7.0/Packs/atmel/ATmega_DFP/1.2.209/gcc/dev/atmega2560/avr6/crtatmega2560.o
                0x00000000                __vector_default
                0x00000000                __vectors
 *(.vectors)
 *(.progmem.gcc*)
 .progmem.gcc_sw_table.turnOffPWM
                0x000000e4       0x24 A:\Projekte\uC\CNC\SmartBoardProject\SmartBoardProject\ArduinoCore\Debug\libArduinoCore.a(wiring_digital.o)
                0x00000108                . = ALIGN (0x2)
                0x00000108                __trampolines_start = .
 *(.trampolines)
 .trampolines   0x00000108        0x0 linker stubs
 *(.trampolines*)
                0x00000108                __trampolines_end = .
 *libprintf_flt.a:*(.progmem.data)
 *libc.a:*(.progmem.data)
 *(.progmem*)
 .progmem.data.digital_pin_to_timer_PGM
                0x00000108       0x46 A:\Projekte\uC\CNC\SmartBoardProject\SmartBoardProject\ArduinoCore\Debug\libArduinoCore.a(wiring_digital.o)
                0x00000108                digital_pin_to_timer_PGM
 .progmem.data.digital_pin_to_bit_mask_PGM
                0x0000014e       0x46 A:\Projekte\uC\CNC\SmartBoardProject\SmartBoardProject\ArduinoCore\Debug\libArduinoCore.a(wiring_digital.o)
                0x0000014e                digital_pin_to_bit_mask_PGM
 .progmem.data.digital_pin_to_port_PGM
                0x00000194       0x46 A:\Projekte\uC\CNC\SmartBoardProject\SmartBoardProject\ArduinoCore\Debug\libArduinoCore.a(wiring_digital.o)
                0x00000194                digital_pin_to_port_PGM
 .progmem.data.port_to_output_PGM
                0x000001da       0x1a A:\Projekte\uC\CNC\SmartBoardProject\SmartBoardProject\ArduinoCore\Debug\libArduinoCore.a(wiring_digital.o)
                0x000001da                port_to_output_PGM
                0x000001f4                . = ALIGN (0x2)
 *(.jumptables)
 *(.jumptables*)
 *(.lowtext)
 *(.lowtext*)
                0x000001f4                __ctors_start = .
 *(.ctors)
                0x000001f4                __ctors_end = .
                0x000001f4                __dtors_start = .
 *(.dtors)
                0x000001f4                __dtors_end = .
 SORT(*)(.ctors)
 SORT(*)(.dtors)
 *(.init0)
 .init0         0x000001f4        0x0 D:/Software/Atmel Studio/7.0/Packs/atmel/ATmega_DFP/1.2.209/gcc/dev/atmega2560/avr6/crtatmega2560.o
                0x000001f4                __init
 *(.init0)
 *(.init1)
 *(.init1)
 *(.init2)
 .init2         0x000001f4       0x10 D:/Software/Atmel Studio/7.0/Packs/atmel/ATmega_DFP/1.2.209/gcc/dev/atmega2560/avr6/crtatmega2560.o
 *(.init2)
 *(.init3)
 *(.init3)
 *(.init4)
 .init4         0x00000204       0x10 d:/software/atmel studio/7.0/toolchain/avr8/avr8-gnu-toolchain/bin/../lib/gcc/avr/5.4.0/avr6\libgcc.a(_clear_bss.o)
                0x00000204                __do_clear_bss
 .init4         0x00000214       0x1a d:/software/atmel studio/7.0/toolchain/avr8/avr8-gnu-toolchain/bin/../lib/gcc/avr/5.4.0/avr6\libgcc.a(_copy_data.o)
                0x00000214                __do_copy_data
 *(.init4)
 *(.init5)
 *(.init5)
 *(.init6)
 *(.init6)
 *(.init7)
 *(.init7)
 *(.init8)
 *(.init8)
 *(.init9)
 .init9         0x0000022e        0x4 D:/Software/Atmel Studio/7.0/Packs/atmel/ATmega_DFP/1.2.209/gcc/dev/atmega2560/avr6/crtatmega2560.o
 *(.init9)
 *(.text)
 .text          0x00000232        0x2 D:/Software/Atmel Studio/7.0/Packs/atmel/ATmega_DFP/1.2.209/gcc/dev/atmega2560/avr6/crtatmega2560.o
                0x00000232                __vector_38
                0x00000232                __vector_22
                0x00000232                __vector_28
                0x00000232                __vector_1
                0x00000232                __vector_34
                0x00000232                __vector_24
                0x00000232                __vector_12
                0x00000232                __vector_55
                0x00000232                __vector_46
                0x00000232                __bad_interrupt
                0x00000232                __vector_6
                0x00000232                __vector_31
                0x00000232                __vector_35
                0x00000232                __vector_39
                0x00000232                __vector_3
                0x00000232                __vector_30
                0x00000232                __vector_45
                0x00000232                __vector_25
                0x00000232                __vector_11
                0x00000232                __vector_54
                0x00000232                __vector_13
                0x00000232                __vector_19
                0x00000232                __vector_56
                0x00000232                __vector_7
                0x00000232                __vector_49
                0x00000232                __vector_41
                0x00000232                __vector_43
                0x00000232                __vector_27
                0x00000232                __vector_5
                0x00000232                __vector_33
                0x00000232                __vector_52
                0x00000232                __vector_37
                0x00000232                __vector_4
                0x00000232                __vector_44
                0x00000232                __vector_51
                0x00000232                __vector_9
                0x00000232                __vector_2
                0x00000232                __vector_21
                0x00000232                __vector_15
                0x00000232                __vector_36
                0x00000232                __vector_29
                0x00000232                __vector_40
                0x00000232                __vector_8
                0x00000232                __vector_26
                0x00000232                __vector_48
                0x00000232                __vector_14
                0x00000232                __vector_53
                0x00000232                __vector_10
                0x00000232                __vector_50
                0x00000232                __vector_16
                0x00000232                __vector_18
                0x00000232                __vector_20
                0x00000234                . = ALIGN (0x2)
 *(.text.*)
 .text.setup    0x00000234        0x2 Sketch.o
                0x00000234                setup
 .text.loop     0x00000236        0x2 Sketch.o
                0x00000236                loop
 .text._ZL17handle_interrupts18timer16_Sequence_tPVjS1_
                0x00000238      0x18c src/libraries/Servo/src/avr/Servo.o
 .text.__vector_17
                0x000003c4       0x58 src/libraries/Servo/src/avr/Servo.o
                0x000003c4                __vector_17
 .text.__vector_32
                0x0000041c       0x58 src/libraries/Servo/src/avr/Servo.o
                0x0000041c                __vector_32
 .text.__vector_42
                0x00000474       0x58 src/libraries/Servo/src/avr/Servo.o
                0x00000474                __vector_42
 .text.__vector_47
                0x000004cc       0x58 src/libraries/Servo/src/avr/Servo.o
                0x000004cc                __vector_47
 .text.initVariant
                0x00000524        0x2 A:\Projekte\uC\CNC\SmartBoardProject\SmartBoardProject\ArduinoCore\Debug\libArduinoCore.a(main.o)
                0x00000524                initVariant
 .text.startup.main
                0x00000526       0x16 A:\Projekte\uC\CNC\SmartBoardProject\SmartBoardProject\ArduinoCore\Debug\libArduinoCore.a(main.o)
                0x00000526                main
 .text.__vector_23
                0x0000053c       0x94 A:\Projekte\uC\CNC\SmartBoardProject\SmartBoardProject\ArduinoCore\Debug\libArduinoCore.a(wiring.o)
                0x0000053c                __vector_23
 .text.init     0x000005d0       0xc4 A:\Projekte\uC\CNC\SmartBoardProject\SmartBoardProject\ArduinoCore\Debug\libArduinoCore.a(wiring.o)
                0x000005d0                init
 .text.turnOffPWM
                0x00000694       0xaa A:\Projekte\uC\CNC\SmartBoardProject\SmartBoardProject\ArduinoCore\Debug\libArduinoCore.a(wiring_digital.o)
 .text.digitalWrite
                0x0000073e       0x5c A:\Projekte\uC\CNC\SmartBoardProject\SmartBoardProject\ArduinoCore\Debug\libArduinoCore.a(wiring_digital.o)
                0x0000073e                digitalWrite
 .text.libgcc   0x0000079a       0x10 d:/software/atmel studio/7.0/toolchain/avr8/avr8-gnu-toolchain/bin/../lib/gcc/avr/5.4.0/avr6\libgcc.a(_tablejump2.o)
                0x0000079a                __tablejump2__
                0x000007aa                . = ALIGN (0x2)
 *(.fini9)
 .fini9         0x000007aa        0x0 d:/software/atmel studio/7.0/toolchain/avr8/avr8-gnu-toolchain/bin/../lib/gcc/avr/5.4.0/avr6\libgcc.a(_exit.o)
                0x000007aa                _exit
                0x000007aa                exit
 *(.fini9)
 *(.fini8)
 *(.fini8)
 *(.fini7)
 *(.fini7)
 *(.fini6)
 *(.fini6)
 *(.fini5)
 *(.fini5)
 *(.fini4)
 *(.fini4)
 *(.fini3)
 *(.fini3)
 *(.fini2)
 *(.fini2)
 *(.fini1)
 *(.fini1)
 *(.fini0)
 .fini0         0x000007aa        0x4 d:/software/atmel studio/7.0/toolchain/avr8/avr8-gnu-toolchain/bin/../lib/gcc/avr/5.4.0/avr6\libgcc.a(_exit.o)
 *(.fini0)
                0x000007ae                _etext = .

.data           0x00800200        0x0 load address 0x000007ae
                0x00800200                PROVIDE (__data_start, .)
 *(.data)
 *(.data*)
 *(.gnu.linkonce.d*)
 *(.rodata)
 *(.rodata*)
 *(.gnu.linkonce.r*)
                0x00800200                . = ALIGN (0x2)
                0x00800200                _edata = .
                0x00800200                PROVIDE (__data_end, .)

.bss            0x00800200       0x9e
                0x00800200                PROVIDE (__bss_start, .)
 *(.bss)
 *(.bss*)
 .bss.ServoCount
                0x00800200        0x1 src/libraries/Servo/src/avr/Servo.o
                0x00800200                ServoCount
 .bss._ZL7Channel
                0x00800201        0x4 src/libraries/Servo/src/avr/Servo.o
 .bss._ZL6servos
                0x00800205       0x90 src/libraries/Servo/src/avr/Servo.o
 .bss.timer0_fract
                0x00800295        0x1 A:\Projekte\uC\CNC\SmartBoardProject\SmartBoardProject\ArduinoCore\Debug\libArduinoCore.a(wiring.o)
 .bss.timer0_millis
                0x00800296        0x4 A:\Projekte\uC\CNC\SmartBoardProject\SmartBoardProject\ArduinoCore\Debug\libArduinoCore.a(wiring.o)
                0x00800296                timer0_millis
 .bss.timer0_overflow_count
                0x0080029a        0x4 A:\Projekte\uC\CNC\SmartBoardProject\SmartBoardProject\ArduinoCore\Debug\libArduinoCore.a(wiring.o)
                0x0080029a                timer0_overflow_count
 *(COMMON)
                0x0080029e                PROVIDE (__bss_end, .)
                0x000007ae                __data_load_start = LOADADDR (.data)
                0x000007ae                __data_load_end = (__data_load_start + SIZEOF (.data))

.noinit         0x0080029e        0x0
                [!provide]                PROVIDE (__noinit_start, .)
 *(.noinit*)
                [!provide]                PROVIDE (__noinit_end, .)
                0x0080029e                _end = .
                [!provide]                PROVIDE (__heap_start, .)

.eeprom         0x00810000        0x0
 *(.eeprom*)
                0x00810000                __eeprom_end = .

.fuse
 *(.fuse)
 *(.lfuse)
 *(.hfuse)
 *(.efuse)

.lock
 *(.lock*)

.signature
 *(.signature*)

.user_signatures
 *(.user_signatures*)

.stab
 *(.stab)

.stabstr
 *(.stabstr)

.stab.excl
 *(.stab.excl)

.stab.exclstr
 *(.stab.exclstr)

.stab.index
 *(.stab.index)

.stab.indexstr
 *(.stab.indexstr)

.comment        0x00000000       0x30
 *(.comment)
 .comment       0x00000000       0x30 Sketch.o
                                 0x31 (size before relaxing)
 .comment       0x00000030       0x31 src/libraries/Servo/src/avr/Servo.o
 .comment       0x00000030       0x31 A:\Projekte\uC\CNC\SmartBoardProject\SmartBoardProject\ArduinoCore\Debug\libArduinoCore.a(main.o)
 .comment       0x00000030       0x31 A:\Projekte\uC\CNC\SmartBoardProject\SmartBoardProject\ArduinoCore\Debug\libArduinoCore.a(wiring.o)
 .comment       0x00000030       0x31 A:\Projekte\uC\CNC\SmartBoardProject\SmartBoardProject\ArduinoCore\Debug\libArduinoCore.a(wiring_digital.o)

.note.gnu.avr.deviceinfo
                0x00000000       0x40
 .note.gnu.avr.deviceinfo
                0x00000000       0x40 D:/Software/Atmel Studio/7.0/Packs/atmel/ATmega_DFP/1.2.209/gcc/dev/atmega2560/avr6/crtatmega2560.o

.note.gnu.build-id
 *(.note.gnu.build-id)

.debug
 *(.debug)

.line
 *(.line)

.debug_srcinfo
 *(.debug_srcinfo)

.debug_sfnames
 *(.debug_sfnames)

.debug_aranges  0x00000000      0x158
 *(.debug_aranges)
 .debug_aranges
                0x00000000       0x20 Sketch.o
 .debug_aranges
                0x00000020       0x88 src/libraries/Servo/src/avr/Servo.o
 .debug_aranges
                0x000000a8       0x30 A:\Projekte\uC\CNC\SmartBoardProject\SmartBoardProject\ArduinoCore\Debug\libArduinoCore.a(main.o)
 .debug_aranges
                0x000000d8       0x48 A:\Projekte\uC\CNC\SmartBoardProject\SmartBoardProject\ArduinoCore\Debug\libArduinoCore.a(wiring.o)
 .debug_aranges
                0x00000120       0x38 A:\Projekte\uC\CNC\SmartBoardProject\SmartBoardProject\ArduinoCore\Debug\libArduinoCore.a(wiring_digital.o)

.debug_pubnames
 *(.debug_pubnames)

.debug_info     0x00000000     0x23a5
 *(.debug_info .gnu.linkonce.wi.*)
 .debug_info    0x00000000      0xbbc D:/Software/Atmel Studio/7.0/Packs/atmel/ATmega_DFP/1.2.209/gcc/dev/atmega2560/avr6/crtatmega2560.o
 .debug_info    0x00000bbc      0x1dc Sketch.o
 .debug_info    0x00000d98      0xa15 src/libraries/Servo/src/avr/Servo.o
 .debug_info    0x000017ad      0x295 A:\Projekte\uC\CNC\SmartBoardProject\SmartBoardProject\ArduinoCore\Debug\libArduinoCore.a(main.o)
 .debug_info    0x00001a42      0x329 A:\Projekte\uC\CNC\SmartBoardProject\SmartBoardProject\ArduinoCore\Debug\libArduinoCore.a(wiring.o)
 .debug_info    0x00001d6b      0x63a A:\Projekte\uC\CNC\SmartBoardProject\SmartBoardProject\ArduinoCore\Debug\libArduinoCore.a(wiring_digital.o)

.debug_abbrev   0x00000000     0x1339
 *(.debug_abbrev)
 .debug_abbrev  0x00000000      0xb1a D:/Software/Atmel Studio/7.0/Packs/atmel/ATmega_DFP/1.2.209/gcc/dev/atmega2560/avr6/crtatmega2560.o
 .debug_abbrev  0x00000b1a       0x9e Sketch.o
 .debug_abbrev  0x00000bb8      0x3b4 src/libraries/Servo/src/avr/Servo.o
 .debug_abbrev  0x00000f6c      0x12d A:\Projekte\uC\CNC\SmartBoardProject\SmartBoardProject\ArduinoCore\Debug\libArduinoCore.a(main.o)
 .debug_abbrev  0x00001099      0x146 A:\Projekte\uC\CNC\SmartBoardProject\SmartBoardProject\ArduinoCore\Debug\libArduinoCore.a(wiring.o)
 .debug_abbrev  0x000011df      0x15a A:\Projekte\uC\CNC\SmartBoardProject\SmartBoardProject\ArduinoCore\Debug\libArduinoCore.a(wiring_digital.o)

.debug_line     0x00000000      0xe1a
 *(.debug_line .debug_line.* .debug_line_end)
 .debug_line    0x00000000      0x1f9 D:/Software/Atmel Studio/7.0/Packs/atmel/ATmega_DFP/1.2.209/gcc/dev/atmega2560/avr6/crtatmega2560.o
 .debug_line    0x000001f9       0xf9 Sketch.o
 .debug_line    0x000002f2      0x499 src/libraries/Servo/src/avr/Servo.o
 .debug_line    0x0000078b      0x156 A:\Projekte\uC\CNC\SmartBoardProject\SmartBoardProject\ArduinoCore\Debug\libArduinoCore.a(main.o)
 .debug_line    0x000008e1      0x2c0 A:\Projekte\uC\CNC\SmartBoardProject\SmartBoardProject\ArduinoCore\Debug\libArduinoCore.a(wiring.o)
 .debug_line    0x00000ba1      0x279 A:\Projekte\uC\CNC\SmartBoardProject\SmartBoardProject\ArduinoCore\Debug\libArduinoCore.a(wiring_digital.o)

.debug_frame    0x00000000      0x4b8
 *(.debug_frame)
 .debug_frame   0x00000000       0x34 Sketch.o
 .debug_frame   0x00000034      0x2f0 src/libraries/Servo/src/avr/Servo.o
 .debug_frame   0x00000324       0x54 A:\Projekte\uC\CNC\SmartBoardProject\SmartBoardProject\ArduinoCore\Debug\libArduinoCore.a(main.o)
 .debug_frame   0x00000378       0xc4 A:\Projekte\uC\CNC\SmartBoardProject\SmartBoardProject\ArduinoCore\Debug\libArduinoCore.a(wiring.o)
 .debug_frame   0x0000043c       0x7c A:\Projekte\uC\CNC\SmartBoardProject\SmartBoardProject\ArduinoCore\Debug\libArduinoCore.a(wiring_digital.o)

.debug_str      0x00000000      0xb81
 *(.debug_str)
 .debug_str     0x00000000      0x3e6 D:/Software/Atmel Studio/7.0/Packs/atmel/ATmega_DFP/1.2.209/gcc/dev/atmega2560/avr6/crtatmega2560.o
 .debug_str     0x000003e6      0x214 Sketch.o
                                0x254 (size before relaxing)
 .debug_str     0x000005fa      0x2a4 src/libraries/Servo/src/avr/Servo.o
                                0x510 (size before relaxing)
 .debug_str     0x0000089e       0xae A:\Projekte\uC\CNC\SmartBoardProject\SmartBoardProject\ArduinoCore\Debug\libArduinoCore.a(main.o)
                                0x2b0 (size before relaxing)
 .debug_str     0x0000094c      0x162 A:\Projekte\uC\CNC\SmartBoardProject\SmartBoardProject\ArduinoCore\Debug\libArduinoCore.a(wiring.o)
                                0x246 (size before relaxing)
 .debug_str     0x00000aae       0xd3 A:\Projekte\uC\CNC\SmartBoardProject\SmartBoardProject\ArduinoCore\Debug\libArduinoCore.a(wiring_digital.o)
                                0x2ab (size before relaxing)

.debug_loc      0x00000000     0x1317
 *(.debug_loc)
 .debug_loc     0x00000000      0xb1f src/libraries/Servo/src/avr/Servo.o
 .debug_loc     0x00000b1f      0x28d A:\Projekte\uC\CNC\SmartBoardProject\SmartBoardProject\ArduinoCore\Debug\libArduinoCore.a(wiring.o)
 .debug_loc     0x00000dac      0x56b A:\Projekte\uC\CNC\SmartBoardProject\SmartBoardProject\ArduinoCore\Debug\libArduinoCore.a(wiring_digital.o)

.debug_macinfo
 *(.debug_macinfo)

.debug_weaknames
 *(.debug_weaknames)

.debug_funcnames
 *(.debug_funcnames)

.debug_typenames
 *(.debug_typenames)

.debug_varnames
 *(.debug_varnames)

.debug_pubtypes
 *(.debug_pubtypes)

.debug_ranges   0x00000000      0x138
 *(.debug_ranges)
 .debug_ranges  0x00000000       0x10 Sketch.o
 .debug_ranges  0x00000010       0xa8 src/libraries/Servo/src/avr/Servo.o
 .debug_ranges  0x000000b8       0x20 A:\Projekte\uC\CNC\SmartBoardProject\SmartBoardProject\ArduinoCore\Debug\libArduinoCore.a(main.o)
 .debug_ranges  0x000000d8       0x38 A:\Projekte\uC\CNC\SmartBoardProject\SmartBoardProject\ArduinoCore\Debug\libArduinoCore.a(wiring.o)
 .debug_ranges  0x00000110       0x28 A:\Projekte\uC\CNC\SmartBoardProject\SmartBoardProject\ArduinoCore\Debug\libArduinoCore.a(wiring_digital.o)

.debug_macro
 *(.debug_macro)
OUTPUT(Main.elf elf32-avr)
LOAD linker stubs
